<html>
<body>
<pre>
<h1>µVision Build Log</h1>
<h2>Project:</h2>
C:\Users\anush\OneDrive\Documents\ACADEMICS\SEM5\ES LAB\practice\armstrong.uvproj
Project File Date:  08/27/2024

<h2>Output:</h2>
Rebuild target 'Target 1'
assembling armstrong.s...
linking...
Program Size: Code=124 RO-data=8 RW-data=4 ZI-data=0  
".\armstrong.axf" - 0 Error(s), 0 Warning(s).
</pre>
</body>
</html>
 
".\armstrong.axf" - 0 Error(s), 1 Warning(s).
\Users\anush\OneDrive\Documents\ACADEMICS\SEM5\ES LAB\practice\armstrong.axf'. Debugger aborted !
Error: Could not load file 'C:\Users\anush\OneDrive\Documents\ACADEMICS\SEM5\ES LAB\practice\armstrong.axf'. Debugger aborted !
xf" - 5 Error(s), 0 Warning(s).
Target not created
ile
".\armstrong.axf" - 5 Error(s), 1 Warning(s).
Target not created
