<html>
<body>
<pre>
<h1>µVision Build Log</h1>
<h2>Project:</h2>
C:\Users\anush\OneDrive\Documents\ACADEMICS\SEM5\ES LAB\practice\armstrong.uvproj
Project File Date:  09/24/2024

<h2>Output:</h2>
Rebuild target 'Target 1'
assembling pop_push.asm...
pop_push.asm(26): warning: A1581W: Added 2 bytes of padding at address 0x26
linking...
Program Size: Code=48 RO-data=8 RW-data=0 ZI-data=0  
".\armstrong.axf" - 0 Error(s), 1 Warning(s).
</pre>
</body>
</html>
expecting opcode or Macro
".\armstrong.axf" - 4 Error(s), 0 Warning(s).
Target not created
