


ARM Macro Assembler    Page 1 


    1 00000000                 AREA             RESET, DATA, READONLY
    2 00000000                 EXPORT           __Vectors
    3 00000000         
    4 00000000         __Vectors
    5 00000000 10001000        DCD              0x10001000  ;Stack Pointervalue
                                                             WBAC
    6 00000004 00000000        DCD              Reset_Handler ;reset vectors
    7 00000008                 ALIGN
    8 00000008                 AREA             mycode, CODE, READONLY
    9 00000000                 ENTRY
   10 00000000                 EXPORT           Reset_Handler
   11 00000000         Reset_Handler
   12 00000000 F04F 0005       MOV              R0,#5
   13 00000004 F04F 0101       MOV              R1,#1
   14 00000008 F000 F803       BL               FACT
   15 0000000C 4A07            LDR              R2,=DST
   16 0000000E 6011            STR              R1,[R2]
   17 00000010 E7FE    STOP    B                STOP
   18 00000012         FACT
   19 00000012 B500            PUSH             {R14}
   20 00000014 B401            PUSH             {R0}
   21 00000016 3801            SUBS             R0,#1
   22 00000018 BF18 F7FF 
              FFFA             BLNE             FACT
   23 0000001E BC01            POP              {R0}
   24 00000020 F85D EB04       POP{R14}
   25 00000024 FB01 F100       MUL              R1,R0
   26 00000028 4770            BX               LR
   27 0000002A 00 00 00000000  AREA             mydata, DATA, READWRITE
   28 00000000 00000000 
                       DST     DCD              0
   29 00000004                 END
Command Line: --debug --xref --cpu=Cortex-M3 --apcs=interwork --depend=.\factor
ial.d -o.\factorial.o -IC:\Keil\ARM\RV31\INC -IC:\Keil\ARM\CMSIS\Include -IC:\K
eil\ARM\Inc\NXP\LPC17xx --predefine="__EVAL SETA 1" --list=.\factorial.lst fact
orial.s



ARM Macro Assembler    Page 1 Alphabetic symbol ordering
Relocatable symbols

RESET 00000000

Symbol: RESET
   Definitions
      At line 1 in file factorial.s
   Uses
      None
Comment: RESET unused
__Vectors 00000000

Symbol: __Vectors
   Definitions
      At line 4 in file factorial.s
   Uses
      At line 2 in file factorial.s
Comment: __Vectors used once
2 symbols



ARM Macro Assembler    Page 1 Alphabetic symbol ordering
Relocatable symbols

FACT 00000012

Symbol: FACT
   Definitions
      At line 18 in file factorial.s
   Uses
      At line 14 in file factorial.s
      At line 22 in file factorial.s

Reset_Handler 00000000

Symbol: Reset_Handler
   Definitions
      At line 11 in file factorial.s
   Uses
      At line 6 in file factorial.s
      At line 10 in file factorial.s

STOP 00000010

Symbol: STOP
   Definitions
      At line 17 in file factorial.s
   Uses
      At line 17 in file factorial.s
Comment: STOP used once
mycode 00000000

Symbol: mycode
   Definitions
      At line 8 in file factorial.s
   Uses
      None
Comment: mycode unused
4 symbols



ARM Macro Assembler    Page 1 Alphabetic symbol ordering
Relocatable symbols

DST 00000000

Symbol: DST
   Definitions
      At line 28 in file factorial.s
   Uses
      At line 15 in file factorial.s
Comment: DST used once
mydata 00000000

Symbol: mydata
   Definitions
      At line 27 in file factorial.s
   Uses
      None
Comment: mydata unused
2 symbols
341 symbols in table
