<html>
<body>
<pre>
<h1>µVision Build Log</h1>
<h2>Project:</h2>
C:\Users\anush\OneDrive\Documents\ACADEMICS\SEM5\ES LAB\LAB_2\address.uvproj
Project File Date:  08/19/2024

<h2>Output:</h2>
Rebuild target 'Target 1'
assembling address.s...
linking...
Program Size: Code=56 RO-data=8 RW-data=0 ZI-data=0  
".\address.axf" - 0 Error(s), 0 Warning(s).
</pre>
</body>
</html>
Cannot find argument '__Vectors'.
Not enough information to list image symbols.
Not enough information to list the image map.
Finished: 2 information, 1 warning and 1 error messages.
".\address.axf" - 1 Error(s), 1 Warning(s).
Target not created
